// Jest Snapshot v1, https://goo.gl/fbAQLP

exports[`LogItem renders 1`] = `
<span
  aria-label="Work - 6:30 pm"
  className="timeline-small-item hint--top hint--no-animate -work"
>
  <span
    className="peg"
    style={
      Object {
        "backgroundColor": "blue",
      }
    }
  />
</span>
`;
